<html>
<body>
<pre>
<h1>µVision Build Log</h1>
<h2>Tool Versions:</h2>
IDE-Version: µVision V5.39.0.0
Copyright (C) 2023 ARM Ltd and ARM Germany GmbH. All rights reserved.
License Information: Pablo Landriz, University of California, Santa Barbara, LIC=----
 
Tool Versions:
Toolchain:       MDK-Lite  Version: 5.39.0.0
Toolchain Path:  C:\Keil_v5\ARM\ARMCLANG\Bin
C Compiler:      ArmClang.exe V6.21
Assembler:       Armasm.exe V6.21
Linker/Locator:  ArmLink.exe V6.21
Library Manager: ArmAr.exe V6.21
Hex Converter:   FromElf.exe V6.21
CPU DLL:         SARMCM3.DLL V5.39.0.0
Dialog DLL:      DCM.DLL V1.17.5.0
Target DLL:      STLink\ST-LINKIII-KEIL_SWO.dll V3.2.0.0
Dialog DLL:      TCM.DLL V1.56.4.0
 
<h2>Project:</h2>
C:\Users\jananiganesh\Downloads\FINAL LAB YET AGAIN\Template_Project\Part_B_and_C\project.uvprojx
Project File Date:  06/11/2024

<h2>Output:</h2>
*** Using Compiler 'V6.21', folder: 'C:\Keil_v5\ARM\ARMCLANG\Bin'
Build target 'Target 1'
src/main.c(31): warning: no previous extern declaration for non-static variable 'door_state' [-Wmissing-variable-declarations]
   31 | uint8_t door_state = 0;//0 close 1 open
      |         ^
src/main.c(31): note: declare 'static' if the variable is not intended to be used outside of this translation unit
   31 | uint8_t door_state = 0;//0 close 1 open
      | ^
src/main.c(32): warning: no previous extern declaration for non-static variable 'next_door_state' [-Wmissing-variable-declarations]
   32 | uint8_t next_door_state = 1;
      |         ^
src/main.c(32): note: declare 'static' if the variable is not intended to be used outside of this translation unit
   32 | uint8_t next_door_state = 1;
      | ^
src/main.c(33): warning: no previous extern declaration for non-static variable 'in_process' [-Wmissing-variable-declarations]
   33 | uint8_t in_process = 0;
      |         ^
src/main.c(33): note: declare 'static' if the variable is not intended to be used outside of this translation unit
   33 | uint8_t in_process = 0;
      | ^
src/main.c(34): warning: no previous extern declaration for non-static variable 'override' [-Wmissing-variable-declarations]
   34 | uint8_t override = 0;
      |         ^
src/main.c(34): note: declare 'static' if the variable is not intended to be used outside of this translation unit
   34 | uint8_t override = 0;
      | ^
src/main.c(36): warning: no previous extern declaration for non-static variable 'old_temp' [-Wmissing-variable-declarations]
   36 | int old_temp = 100; //changed from 150
      |     ^
src/main.c(36): note: declare 'static' if the variable is not intended to be used outside of this translation unit
   36 | int old_temp = 100; //changed from 150
      | ^
src/main.c(42): warning: unused parameter 'size' [-Wunused-parameter]
   42 | void UART_onInput(char* inputs, uint32_t size) {
      |                                          ^
src/main.c(66): warning: a function declaration without a prototype is deprecated in all versions of C [-Wstrict-prototypes]
   66 | void tempData(){
      |              ^
      |               void
src/main.c(70): warning: binary integer literals are a GNU extension [-Wgnu-binary-literal]
   70 |   SecondaryAddress = 0b1001000 << 1;
      |                      ^
src/main.c(66): warning: no previous prototype for function 'tempData' [-Wmissing-prototypes]
   66 | void tempData(){
      |      ^
src/main.c(66): note: declare 'static' if the function is not intended to be used outside of this translation unit
   66 | void tempData(){
      | ^
      | static 
src/main.c(96): warning: mixing declarations and code is incompatible with standards before C99 [-Wdeclaration-after-statement]
   96 | double x,y,z;
      |        ^
src/main.c(35): warning: no previous extern declaration for non-static variable 'new_temp' [-Wmissing-variable-declarations]
   35 | int new_temp;
      |     ^
src/main.c(35): note: declare 'static' if the variable is not intended to be used outside of this translation unit
   35 | int new_temp;
      | ^
src/main.c(37): warning: no previous extern declaration for non-static variable 'SecondaryAddress' [-Wmissing-variable-declarations]
   37 | uint8_t SecondaryAddress;
      |         ^
src/main.c(37): note: declare 'static' if the variable is not intended to be used outside of this translation unit
   37 | uint8_t SecondaryAddress;
      | ^
src/main.c(38): warning: no previous extern declaration for non-static variable 'Data_Receive' [-Wmissing-variable-declarations]
   38 | uint8_t Data_Receive;
      |         ^
src/main.c(38): note: declare 'static' if the variable is not intended to be used outside of this translation unit
   38 | uint8_t Data_Receive;
      | ^
src/main.c(39): warning: no previous extern declaration for non-static variable 'Data_Send' [-Wmissing-variable-declarations]
   39 | uint8_t Data_Send;
      |         ^
src/main.c(39): note: declare 'static' if the variable is not intended to be used outside of this translation unit
   39 | uint8_t Data_Send;
      | ^
14 warnings generated.
compiling main.c...
linking...
Program Size: Code=15524 RO-data=1304 RW-data=12 ZI-data=2692  
FromELF: creating hex file...
".\Objects\project.axf" - 0 Error(s), 14 Warning(s).

<h2>Software Packages used:</h2>

Package Vendor: ARM
                http://www.keil.com/pack/ARM.CMSIS.5.9.0.pack
                ARM::CMSIS@5.9.0
                CMSIS (Common Microcontroller Software Interface Standard)
   * Component: CORE Version: 5.6.0

Package Vendor: Keil
                https://www.keil.com/pack/Keil.STM32L4xx_DFP.2.6.2.pack
                Keil::STM32L4xx_DFP@2.6.2
                STMicroelectronics STM32L4 Series Device Support, Drivers and Examples

<h2>Collection of Component include folders:</h2>
  ./RTE/_Target_1
  C:/Keil_v5/ARM/Packs/ARM/CMSIS/5.9.0/CMSIS/Core/Include
  C:/Keil_v5/ARM/Packs/Keil/STM32L4xx_DFP/2.6.2/Drivers/CMSIS/Device/ST/STM32L4xx/Include

<h2>Collection of Component Files used:</h2>

   * Component: ARM::CMSIS:CORE@5.6.0
Build Time Elapsed:  00:00:01
</pre>
</body>
</html>
